Archive member included to satisfy reference by file (symbol)

c:/st/stm32cubeide_1.2.0/stm32cubeide/plugins/com.st.stm32cube.ide.mcu.externaltools.gnu-tools-for-stm32.7-2018-q2-update.win32_1.0.0.201904181610/tools/bin/../lib/gcc/arm-none-eabi/7.3.1/../../../../arm-none-eabi/lib/thumb/v7e-m/fpv4-sp/hard\libc_nano.a(lib_a-errno.o)
                              Core/Src/syscalls.o (__errno)
c:/st/stm32cubeide_1.2.0/stm32cubeide/plugins/com.st.stm32cube.ide.mcu.externaltools.gnu-tools-for-stm32.7-2018-q2-update.win32_1.0.0.201904181610/tools/bin/../lib/gcc/arm-none-eabi/7.3.1/../../../../arm-none-eabi/lib/thumb/v7e-m/fpv4-sp/hard\libc_nano.a(lib_a-exit.o)
                              c:/st/stm32cubeide_1.2.0/stm32cubeide/plugins/com.st.stm32cube.ide.mcu.externaltools.gnu-tools-for-stm32.7-2018-q2-update.win32_1.0.0.201904181610/tools/bin/../lib/gcc/arm-none-eabi/7.3.1/../../../../arm-none-eabi/lib/thumb/v7e-m/fpv4-sp/hard/crt0.o (exit)
c:/st/stm32cubeide_1.2.0/stm32cubeide/plugins/com.st.stm32cube.ide.mcu.externaltools.gnu-tools-for-stm32.7-2018-q2-update.win32_1.0.0.201904181610/tools/bin/../lib/gcc/arm-none-eabi/7.3.1/../../../../arm-none-eabi/lib/thumb/v7e-m/fpv4-sp/hard\libc_nano.a(lib_a-impure.o)
                              c:/st/stm32cubeide_1.2.0/stm32cubeide/plugins/com.st.stm32cube.ide.mcu.externaltools.gnu-tools-for-stm32.7-2018-q2-update.win32_1.0.0.201904181610/tools/bin/../lib/gcc/arm-none-eabi/7.3.1/../../../../arm-none-eabi/lib/thumb/v7e-m/fpv4-sp/hard\libc_nano.a(lib_a-exit.o) (_global_impure_ptr)
c:/st/stm32cubeide_1.2.0/stm32cubeide/plugins/com.st.stm32cube.ide.mcu.externaltools.gnu-tools-for-stm32.7-2018-q2-update.win32_1.0.0.201904181610/tools/bin/../lib/gcc/arm-none-eabi/7.3.1/../../../../arm-none-eabi/lib/thumb/v7e-m/fpv4-sp/hard\libc_nano.a(lib_a-init.o)
                              c:/st/stm32cubeide_1.2.0/stm32cubeide/plugins/com.st.stm32cube.ide.mcu.externaltools.gnu-tools-for-stm32.7-2018-q2-update.win32_1.0.0.201904181610/tools/bin/../lib/gcc/arm-none-eabi/7.3.1/../../../../arm-none-eabi/lib/thumb/v7e-m/fpv4-sp/hard/crt0.o (__libc_init_array)
c:/st/stm32cubeide_1.2.0/stm32cubeide/plugins/com.st.stm32cube.ide.mcu.externaltools.gnu-tools-for-stm32.7-2018-q2-update.win32_1.0.0.201904181610/tools/bin/../lib/gcc/arm-none-eabi/7.3.1/../../../../arm-none-eabi/lib/thumb/v7e-m/fpv4-sp/hard\libc_nano.a(lib_a-memset.o)
                              c:/st/stm32cubeide_1.2.0/stm32cubeide/plugins/com.st.stm32cube.ide.mcu.externaltools.gnu-tools-for-stm32.7-2018-q2-update.win32_1.0.0.201904181610/tools/bin/../lib/gcc/arm-none-eabi/7.3.1/../../../../arm-none-eabi/lib/thumb/v7e-m/fpv4-sp/hard/crt0.o (memset)

Allocating common symbols
Common symbol       size              file

uwTick              0x4               Drivers/STM32L4xx_HAL_Driver/Src/stm32l4xx_hal.o

Discarded input sections

 .text          0x0000000000000000        0x0 c:/st/stm32cubeide_1.2.0/stm32cubeide/plugins/com.st.stm32cube.ide.mcu.externaltools.gnu-tools-for-stm32.7-2018-q2-update.win32_1.0.0.201904181610/tools/bin/../lib/gcc/arm-none-eabi/7.3.1/thumb/v7e-m/fpv4-sp/hard/crti.o
 .data          0x0000000000000000        0x0 c:/st/stm32cubeide_1.2.0/stm32cubeide/plugins/com.st.stm32cube.ide.mcu.externaltools.gnu-tools-for-stm32.7-2018-q2-update.win32_1.0.0.201904181610/tools/bin/../lib/gcc/arm-none-eabi/7.3.1/thumb/v7e-m/fpv4-sp/hard/crti.o
 .bss           0x0000000000000000        0x0 c:/st/stm32cubeide_1.2.0/stm32cubeide/plugins/com.st.stm32cube.ide.mcu.externaltools.gnu-tools-for-stm32.7-2018-q2-update.win32_1.0.0.201904181610/tools/bin/../lib/gcc/arm-none-eabi/7.3.1/thumb/v7e-m/fpv4-sp/hard/crti.o
 .data          0x0000000000000000        0x4 c:/st/stm32cubeide_1.2.0/stm32cubeide/plugins/com.st.stm32cube.ide.mcu.externaltools.gnu-tools-for-stm32.7-2018-q2-update.win32_1.0.0.201904181610/tools/bin/../lib/gcc/arm-none-eabi/7.3.1/thumb/v7e-m/fpv4-sp/hard/crtbegin.o
 .text          0x0000000000000000       0x74 c:/st/stm32cubeide_1.2.0/stm32cubeide/plugins/com.st.stm32cube.ide.mcu.externaltools.gnu-tools-for-stm32.7-2018-q2-update.win32_1.0.0.201904181610/tools/bin/../lib/gcc/arm-none-eabi/7.3.1/../../../../arm-none-eabi/lib/thumb/v7e-m/fpv4-sp/hard/crt0.o
 .data          0x0000000000000000        0x0 c:/st/stm32cubeide_1.2.0/stm32cubeide/plugins/com.st.stm32cube.ide.mcu.externaltools.gnu-tools-for-stm32.7-2018-q2-update.win32_1.0.0.201904181610/tools/bin/../lib/gcc/arm-none-eabi/7.3.1/../../../../arm-none-eabi/lib/thumb/v7e-m/fpv4-sp/hard/crt0.o
 .bss           0x0000000000000000        0x0 c:/st/stm32cubeide_1.2.0/stm32cubeide/plugins/com.st.stm32cube.ide.mcu.externaltools.gnu-tools-for-stm32.7-2018-q2-update.win32_1.0.0.201904181610/tools/bin/../lib/gcc/arm-none-eabi/7.3.1/../../../../arm-none-eabi/lib/thumb/v7e-m/fpv4-sp/hard/crt0.o
[...]
Memory Configuration

Name             Origin             Length             Attributes
RAM              0x0000000020000000 0x0000000000018000 xrw
RAM2             0x0000000010000000 0x0000000000008000 xrw
FLASH            0x0000000008000000 0x0000000000100000 xr
*default*        0x0000000000000000 0xffffffffffffffff

Linker script and memory map

LOAD c:/st/stm32cubeide_1.2.0/stm32cubeide/plugins/com.st.stm32cube.ide.mcu.externaltools.gnu-tools-for-stm32.7-2018-q2-update.win32_1.0.0.201904181610/tools/bin/../lib/gcc/arm-none-eabi/7.3.1/thumb/v7e-m/fpv4-sp/hard/crti.o
LOAD c:/st/stm32cubeide_1.2.0/stm32cubeide/plugins/com.st.stm32cube.ide.mcu.externaltools.gnu-tools-for-stm32.7-2018-q2-update.win32_1.0.0.201904181610/tools/bin/../lib/gcc/arm-none-eabi/7.3.1/thumb/v7e-m/fpv4-sp/hard/crtbegin.o
LOAD c:/st/stm32cubeide_1.2.0/stm32cubeide/plugins/com.st.stm32cube.ide.mcu.externaltools.gnu-tools-for-stm32.7-2018-q2-update.win32_1.0.0.201904181610/tools/bin/../lib/gcc/arm-none-eabi/7.3.1/../../../../arm-none-eabi/lib/thumb/v7e-m/fpv4-sp/hard/crt0.o
LOAD Core/Src/main.o
LOAD Core/Src/stm32l4xx_hal_msp.o
LOAD Core/Src/stm32l4xx_it.o
LOAD Core/Src/syscalls.o
LOAD Core/Src/sysmem.o
LOAD Core/Src/system_stm32l4xx.o
LOAD Core/Startup/startup_stm32l476vgtx.o
LOAD Drivers/STM32L4xx_HAL_Driver/Src/stm32l4xx_hal.o
LOAD Drivers/STM32L4xx_HAL_Driver/Src/stm32l4xx_hal_cortex.o
LOAD Drivers/STM32L4xx_HAL_Driver/Src/stm32l4xx_hal_dma.o
LOAD Drivers/STM32L4xx_HAL_Driver/Src/stm32l4xx_hal_dma_ex.o
LOAD Drivers/STM32L4xx_HAL_Driver/Src/stm32l4xx_hal_exti.o
LOAD Drivers/STM32L4xx_HAL_Driver/Src/stm32l4xx_hal_flash.o
LOAD Drivers/STM32L4xx_HAL_Driver/Src/stm32l4xx_hal_flash_ex.o
LOAD Drivers/STM32L4xx_HAL_Driver/Src/stm32l4xx_hal_flash_ramfunc.o
LOAD Drivers/STM32L4xx_HAL_Driver/Src/stm32l4xx_hal_gpio.o
LOAD Drivers/STM32L4xx_HAL_Driver/Src/stm32l4xx_hal_i2c.o
LOAD Drivers/STM32L4xx_HAL_Driver/Src/stm32l4xx_hal_i2c_ex.o
LOAD Drivers/STM32L4xx_HAL_Driver/Src/stm32l4xx_hal_pwr.o
LOAD Drivers/STM32L4xx_HAL_Driver/Src/stm32l4xx_hal_pwr_ex.o
LOAD Drivers/STM32L4xx_HAL_Driver/Src/stm32l4xx_hal_rcc.o
LOAD Drivers/STM32L4xx_HAL_Driver/Src/stm32l4xx_hal_rcc_ex.o
LOAD Drivers/STM32L4xx_HAL_Driver/Src/stm32l4xx_hal_tim.o
LOAD Drivers/STM32L4xx_HAL_Driver/Src/stm32l4xx_hal_tim_ex.o
START GROUP
LOAD c:/st/stm32cubeide_1.2.0/stm32cubeide/plugins/com.st.stm32cube.ide.mcu.externaltools.gnu-tools-for-stm32.7-2018-q2-update.win32_1.0.0.201904181610/tools/bin/../lib/gcc/arm-none-eabi/7.3.1/../../../../arm-none-eabi/lib/thumb/v7e-m/fpv4-sp/hard\libc_nano.a
LOAD c:/st/stm32cubeide_1.2.0/stm32cubeide/plugins/com.st.stm32cube.ide.mcu.externaltools.gnu-tools-for-stm32.7-2018-q2-update.win32_1.0.0.201904181610/tools/bin/../lib/gcc/arm-none-eabi/7.3.1/../../../../arm-none-eabi/lib/thumb/v7e-m/fpv4-sp/hard\libm.a
END GROUP
START GROUP
LOAD c:/st/stm32cubeide_1.2.0/stm32cubeide/plugins/com.st.stm32cube.ide.mcu.externaltools.gnu-tools-for-stm32.7-2018-q2-update.win32_1.0.0.201904181610/tools/bin/../lib/gcc/arm-none-eabi/7.3.1/thumb/v7e-m/fpv4-sp/hard\libgcc.a
LOAD c:/st/stm32cubeide_1.2.0/stm32cubeide/plugins/com.st.stm32cube.ide.mcu.externaltools.gnu-tools-for-stm32.7-2018-q2-update.win32_1.0.0.201904181610/tools/bin/../lib/gcc/arm-none-eabi/7.3.1/../../../../arm-none-eabi/lib/thumb/v7e-m/fpv4-sp/hard\libc_nano.a
END GROUP
START GROUP
LOAD c:/st/stm32cubeide_1.2.0/stm32cubeide/plugins/com.st.stm32cube.ide.mcu.externaltools.gnu-tools-for-stm32.7-2018-q2-update.win32_1.0.0.201904181610/tools/bin/../lib/gcc/arm-none-eabi/7.3.1/thumb/v7e-m/fpv4-sp/hard\libgcc.a
LOAD c:/st/stm32cubeide_1.2.0/stm32cubeide/plugins/com.st.stm32cube.ide.mcu.externaltools.gnu-tools-for-stm32.7-2018-q2-update.win32_1.0.0.201904181610/tools/bin/../lib/gcc/arm-none-eabi/7.3.1/../../../../arm-none-eabi/lib/thumb/v7e-m/fpv4-sp/hard\libc_nano.a
LOAD c:/st/stm32cubeide_1.2.0/stm32cubeide/plugins/com.st.stm32cube.ide.mcu.externaltools.gnu-tools-for-stm32.7-2018-q2-update.win32_1.0.0.201904181610/tools/bin/../lib/gcc/arm-none-eabi/7.3.1/../../../../arm-none-eabi/lib/thumb/v7e-m/fpv4-sp/hard\libnosys.a
END GROUP
START GROUP
LOAD c:/st/stm32cubeide_1.2.0/stm32cubeide/plugins/com.st.stm32cube.ide.mcu.externaltools.gnu-tools-for-stm32.7-2018-q2-update.win32_1.0.0.201904181610/tools/bin/../lib/gcc/arm-none-eabi/7.3.1/thumb/v7e-m/fpv4-sp/hard\libgcc.a
LOAD c:/st/stm32cubeide_1.2.0/stm32cubeide/plugins/com.st.stm32cube.ide.mcu.externaltools.gnu-tools-for-stm32.7-2018-q2-update.win32_1.0.0.201904181610/tools/bin/../lib/gcc/arm-none-eabi/7.3.1/../../../../arm-none-eabi/lib/thumb/v7e-m/fpv4-sp/hard\libc_nano.a
LOAD c:/st/stm32cubeide_1.2.0/stm32cubeide/plugins/com.st.stm32cube.ide.mcu.externaltools.gnu-tools-for-stm32.7-2018-q2-update.win32_1.0.0.201904181610/tools/bin/../lib/gcc/arm-none-eabi/7.3.1/../../../../arm-none-eabi/lib/thumb/v7e-m/fpv4-sp/hard\libnosys.a
END GROUP
LOAD c:/st/stm32cubeide_1.2.0/stm32cubeide/plugins/com.st.stm32cube.ide.mcu.externaltools.gnu-tools-for-stm32.7-2018-q2-update.win32_1.0.0.201904181610/tools/bin/../lib/gcc/arm-none-eabi/7.3.1/thumb/v7e-m/fpv4-sp/hard/crtend.o
LOAD c:/st/stm32cubeide_1.2.0/stm32cubeide/plugins/com.st.stm32cube.ide.mcu.externaltools.gnu-tools-for-stm32.7-2018-q2-update.win32_1.0.0.201904181610/tools/bin/../lib/gcc/arm-none-eabi/7.3.1/thumb/v7e-m/fpv4-sp/hard/crtn.o
                0x0000000020018000                _estack = (ORIGIN (RAM) + LENGTH (RAM))
                0x0000000000000200                _Min_Heap_Size = 0x200
                0x0000000000000400                _Min_Stack_Size = 0x400

.isr_vector     0x0000000008000000      0x188
                0x0000000008000000                . = ALIGN (0x4)
 *(.isr_vector)
 .isr_vector    0x0000000008000000      0x188 Core/Startup/startup_stm32l476vgtx.o
                0x0000000008000000                g_pfnVectors
                0x0000000008000188                . = ALIGN (0x4)

.text           0x0000000008000188     0x160c
                0x0000000008000188                . = ALIGN (0x4)
 *(.text)
 .text          0x0000000008000188       0x40 c:/st/stm32cubeide_1.2.0/stm32cubeide/plugins/com.st.stm32cube.ide.mcu.externaltools.gnu-tools-for-stm32.7-2018-q2-update.win32_1.0.0.201904181610/tools/bin/../lib/gcc/arm-none-eabi/7.3.1/thumb/v7e-m/fpv4-sp/hard/crtbegin.o
 *(.text*)
 .text.main     0x00000000080001c8       0x28 Core/Src/main.o
                0x00000000080001c8                main
 .text.SystemClock_Config
                0x00000000080001f0       0x8c Core/Src/main.o
                0x00000000080001f0                SystemClock_Config
 .text.MX_GPIO_Init
                0x000000000800027c       0x64 Core/Src/main.o
 .text.Error_Handler
                0x00000000080002e0        0xe Core/Src/main.o
                0x00000000080002e0                Error_Handler
 *fill*         0x00000000080002ee        0x2 
 .text.HAL_MspInit
                0x00000000080002f0       0x48 Core/Src/stm32l4xx_hal_msp.o
                0x00000000080002f0                HAL_MspInit
 .text.NMI_Handler
                0x0000000008000338        0xe Core/Src/stm32l4xx_it.o
                0x0000000008000338                NMI_Handler
 .text.HardFault_Handler
                0x0000000008000346        0x6 Core/Src/stm32l4xx_it.o
                0x0000000008000346                HardFault_Handler
 .text.MemManage_Handler
                0x000000000800034c        0x6 Core/Src/stm32l4xx_it.o
                0x000000000800034c                MemManage_Handler
 .text.BusFault_Handler
                0x0000000008000352        0x6 Core/Src/stm32l4xx_it.o
                0x0000000008000352                BusFault_Handler
 .text.UsageFault_Handler
                0x0000000008000358        0x6 Core/Src/stm32l4xx_it.o
                0x0000000008000358                UsageFault_Handler
 .text.SVC_Handler
                0x000000000800035e        0xe Core/Src/stm32l4xx_it.o
                0x000000000800035e                SVC_Handler
 .text.DebugMon_Handler
                0x000000000800036c        0xe Core/Src/stm32l4xx_it.o
                0x000000000800036c                DebugMon_Handler
 .text.PendSV_Handler
                0x000000000800037a        0xe Core/Src/stm32l4xx_it.o
                0x000000000800037a                PendSV_Handler
 .text.SysTick_Handler
                0x0000000008000388        0xc Core/Src/stm32l4xx_it.o
                0x0000000008000388                SysTick_Handler
 .text.SystemInit
                0x0000000008000394       0x6c Core/Src/system_stm32l4xx.o
                0x0000000008000394                SystemInit
 .text.Reset_Handler
                0x0000000008000400       0x50 Core/Startup/startup_stm32l476vgtx.o
                0x0000000008000400                Reset_Handler
 .text.Default_Handler
                0x0000000008000450        0x2 Core/Startup/startup_stm32l476vgtx.o
                0x0000000008000450                RTC_Alarm_IRQHandler
                0x0000000008000450                EXTI2_IRQHandler
                0x0000000008000450                TIM8_TRG_COM_IRQHandler
                0x0000000008000450                TIM8_CC_IRQHandler
                0x0000000008000450                TIM1_CC_IRQHandler
                0x0000000008000450                TSC_IRQHandler
                0x0000000008000450                TAMP_STAMP_IRQHandler
                0x0000000008000450                EXTI3_IRQHandler
                0x0000000008000450                LPTIM2_IRQHandler
                0x0000000008000450                DFSDM1_FLT1_IRQHandler
                0x0000000008000450                I2C3_ER_IRQHandler
                0x0000000008000450                DFSDM1_FLT2_IRQHandler
                0x0000000008000450                EXTI0_IRQHandler
                0x0000000008000450                I2C2_EV_IRQHandler
                0x0000000008000450                CAN1_RX0_IRQHandler
                0x0000000008000450                FPU_IRQHandler
                0x0000000008000450                TIM1_UP_TIM16_IRQHandler
                0x0000000008000450                ADC1_2_IRQHandler
                0x0000000008000450                SPI1_IRQHandler
                0x0000000008000450                TIM6_DAC_IRQHandler
                0x0000000008000450                TIM8_UP_IRQHandler
                0x0000000008000450                DMA2_Channel2_IRQHandler
                0x0000000008000450                DMA1_Channel4_IRQHandler
                0x0000000008000450                SAI2_IRQHandler
                0x0000000008000450                DFSDM1_FLT3_IRQHandler
                0x0000000008000450                USART3_IRQHandler
                0x0000000008000450                DMA1_Channel7_IRQHandler
                0x0000000008000450                CAN1_RX1_IRQHandler
                0x0000000008000450                LCD_IRQHandler
                0x0000000008000450                UART5_IRQHandler
                0x0000000008000450                ADC3_IRQHandler
                0x0000000008000450                TIM4_IRQHandler
                0x0000000008000450                DMA2_Channel1_IRQHandler
                0x0000000008000450                QUADSPI_IRQHandler
                0x0000000008000450                I2C1_EV_IRQHandler
                0x0000000008000450                DMA1_Channel6_IRQHandler
                0x0000000008000450                UART4_IRQHandler
                0x0000000008000450                DMA2_Channel4_IRQHandler
                0x0000000008000450                TIM3_IRQHandler
                0x0000000008000450                RCC_IRQHandler
                0x0000000008000450                DMA1_Channel1_IRQHandler
                0x0000000008000450                Default_Handler
                0x0000000008000450                DMA2_Channel7_IRQHandler
                0x0000000008000450                EXTI15_10_IRQHandler
                0x0000000008000450                TIM7_IRQHandler
                0x0000000008000450                SDMMC1_IRQHandler
                0x0000000008000450                TIM5_IRQHandler
                0x0000000008000450                I2C3_EV_IRQHandler
                0x0000000008000450                EXTI9_5_IRQHandler
                0x0000000008000450                RTC_WKUP_IRQHandler
                0x0000000008000450                PVD_PVM_IRQHandler
                0x0000000008000450                SPI2_IRQHandler
                0x0000000008000450                CAN1_TX_IRQHandler
                0x0000000008000450                DMA2_Channel5_IRQHandler
                0x0000000008000450                DMA1_Channel5_IRQHandler
                0x0000000008000450                EXTI4_IRQHandler
                0x0000000008000450                RNG_IRQHandler
                0x0000000008000450                TIM1_TRG_COM_TIM17_IRQHandler
                0x0000000008000450                DMA1_Channel3_IRQHandler
                0x0000000008000450                COMP_IRQHandler
                0x0000000008000450                WWDG_IRQHandler
                0x0000000008000450                LPUART1_IRQHandler
                0x0000000008000450                DMA2_Channel6_IRQHandler
                0x0000000008000450                TIM2_IRQHandler
                0x0000000008000450                EXTI1_IRQHandler
                0x0000000008000450                USART2_IRQHandler
                0x0000000008000450                DFSDM1_FLT0_IRQHandler
                0x0000000008000450                I2C2_ER_IRQHandler
                0x0000000008000450                DMA1_Channel2_IRQHandler
                0x0000000008000450                TIM8_BRK_IRQHandler
                0x0000000008000450                CAN1_SCE_IRQHandler
                0x0000000008000450                FLASH_IRQHandler
                0x0000000008000450                USART1_IRQHandler
                0x0000000008000450                OTG_FS_IRQHandler
                0x0000000008000450                SPI3_IRQHandler
                0x0000000008000450                I2C1_ER_IRQHandler
                0x0000000008000450                FMC_IRQHandler
                0x0000000008000450                SWPMI1_IRQHandler
                0x0000000008000450                LPTIM1_IRQHandler
                0x0000000008000450                SAI1_IRQHandler
                0x0000000008000450                DMA2_Channel3_IRQHandler
                0x0000000008000450                TIM1_BRK_TIM15_IRQHandler
 .text.HAL_Init
                0x0000000008000452       0x30 Drivers/STM32L4xx_HAL_Driver/Src/stm32l4xx_hal.o
                0x0000000008000452                HAL_Init
 *fill*         0x0000000008000482        0x2 
 .text.HAL_InitTick
                0x0000000008000484       0x74 Drivers/STM32L4xx_HAL_Driver/Src/stm32l4xx_hal.o
                0x0000000008000484                HAL_InitTick
 .text.HAL_IncTick
                0x00000000080004f8       0x24 Drivers/STM32L4xx_HAL_Driver/Src/stm32l4xx_hal.o
                0x00000000080004f8                HAL_IncTick
 .text.HAL_GetTick
                0x000000000800051c       0x18 Drivers/STM32L4xx_HAL_Driver/Src/stm32l4xx_hal.o
                0x000000000800051c                HAL_GetTick
 .text.HAL_Delay
                0x0000000008000534       0x44 Drivers/STM32L4xx_HAL_Driver/Src/stm32l4xx_hal.o
                0x0000000008000534                HAL_Delay
 .text.__NVIC_SetPriorityGrouping
                0x0000000008000578       0x48 Drivers/STM32L4xx_HAL_Driver/Src/stm32l4xx_hal_cortex.o
 .text.__NVIC_GetPriorityGrouping
                0x00000000080005c0       0x1c Drivers/STM32L4xx_HAL_Driver/Src/stm32l4xx_hal_cortex.o
 .text.__NVIC_SetPriority
                0x00000000080005dc       0x54 Drivers/STM32L4xx_HAL_Driver/Src/stm32l4xx_hal_cortex.o
 .text.NVIC_EncodePriority
                0x0000000008000630       0x66 Drivers/STM32L4xx_HAL_Driver/Src/stm32l4xx_hal_cortex.o
 *fill*         0x0000000008000696        0x2 
 .text.SysTick_Config
                0x0000000008000698       0x44 Drivers/STM32L4xx_HAL_Driver/Src/stm32l4xx_hal_cortex.o
 .text.HAL_NVIC_SetPriorityGrouping
                0x00000000080006dc       0x16 Drivers/STM32L4xx_HAL_Driver/Src/stm32l4xx_hal_cortex.o
                0x00000000080006dc                HAL_NVIC_SetPriorityGrouping
 .text.HAL_NVIC_SetPriority
                0x00000000080006f2       0x38 Drivers/STM32L4xx_HAL_Driver/Src/stm32l4xx_hal_cortex.o
                0x00000000080006f2                HAL_NVIC_SetPriority
 .text.HAL_SYSTICK_Config
                0x000000000800072a       0x18 Drivers/STM32L4xx_HAL_Driver/Src/stm32l4xx_hal_cortex.o
                0x000000000800072a                HAL_SYSTICK_Config
 *fill*         0x0000000008000742        0x2 
 .text.HAL_GPIO_Init
                0x0000000008000744      0x350 Drivers/STM32L4xx_HAL_Driver/Src/stm32l4xx_hal_gpio.o
                0x0000000008000744                HAL_GPIO_Init
 .text.HAL_GPIO_WritePin
                0x0000000008000a94       0x30 Drivers/STM32L4xx_HAL_Driver/Src/stm32l4xx_hal_gpio.o
                0x0000000008000a94                HAL_GPIO_WritePin
 .text.HAL_GPIO_TogglePin
                0x0000000008000ac4       0x32 Drivers/STM32L4xx_HAL_Driver/Src/stm32l4xx_hal_gpio.o
                0x0000000008000ac4                HAL_GPIO_TogglePin
 *fill*         0x0000000008000af6        0x2 
 .text.HAL_PWREx_GetVoltageRange
                0x0000000008000af8       0x1c Drivers/STM32L4xx_HAL_Driver/Src/stm32l4xx_hal_pwr_ex.o
                0x0000000008000af8                HAL_PWREx_GetVoltageRange
 .text.HAL_PWREx_ControlVoltageScaling
                0x0000000008000b14       0xac Drivers/STM32L4xx_HAL_Driver/Src/stm32l4xx_hal_pwr_ex.o
                0x0000000008000b14                HAL_PWREx_ControlVoltageScaling
 .text.HAL_RCC_OscConfig
                0x0000000008000bc0      0x7cc Drivers/STM32L4xx_HAL_Driver/Src/stm32l4xx_hal_rcc.o
                0x0000000008000bc0                HAL_RCC_OscConfig
 .text.HAL_RCC_ClockConfig
                0x000000000800138c      0x1c4 Drivers/STM32L4xx_HAL_Driver/Src/stm32l4xx_hal_rcc.o
                0x000000000800138c                HAL_RCC_ClockConfig
 .text.HAL_RCC_GetSysClockFreq
                0x0000000008001550      0x114 Drivers/STM32L4xx_HAL_Driver/Src/stm32l4xx_hal_rcc.o
                0x0000000008001550                HAL_RCC_GetSysClockFreq
 .text.RCC_SetFlashLatencyFromMSIRange
                0x0000000008001664       0xc0 Drivers/STM32L4xx_HAL_Driver/Src/stm32l4xx_hal_rcc.o
 .text.__libc_init_array
                0x0000000008001724       0x48 c:/st/stm32cubeide_1.2.0/stm32cubeide/plugins/com.st.stm32cube.ide.mcu.externaltools.gnu-tools-for-stm32.7-2018-q2-update.win32_1.0.0.201904181610/tools/bin/../lib/gcc/arm-none-eabi/7.3.1/../../../../arm-none-eabi/lib/thumb/v7e-m/fpv4-sp/hard\libc_nano.a(lib_a-init.o)
                0x0000000008001724                __libc_init_array
 .text.memset   0x000000000800176c       0x10 c:/st/stm32cubeide_1.2.0/stm32cubeide/plugins/com.st.stm32cube.ide.mcu.externaltools.gnu-tools-for-stm32.7-2018-q2-update.win32_1.0.0.201904181610/tools/bin/../lib/gcc/arm-none-eabi/7.3.1/../../../../arm-none-eabi/lib/thumb/v7e-m/fpv4-sp/hard\libc_nano.a(lib_a-memset.o)
                0x000000000800176c                memset
 *(.glue_7)
 .glue_7        0x000000000800177c        0x0 linker stubs
 *(.glue_7t)
 .glue_7t       0x000000000800177c        0x0 linker stubs
 *(.eh_frame)
 .eh_frame      0x000000000800177c        0x0 c:/st/stm32cubeide_1.2.0/stm32cubeide/plugins/com.st.stm32cube.ide.mcu.externaltools.gnu-tools-for-stm32.7-2018-q2-update.win32_1.0.0.201904181610/tools/bin/../lib/gcc/arm-none-eabi/7.3.1/thumb/v7e-m/fpv4-sp/hard/crtbegin.o
 *(.init)
 .init          0x000000000800177c        0x4 c:/st/stm32cubeide_1.2.0/stm32cubeide/plugins/com.st.stm32cube.ide.mcu.externaltools.gnu-tools-for-stm32.7-2018-q2-update.win32_1.0.0.201904181610/tools/bin/../lib/gcc/arm-none-eabi/7.3.1/thumb/v7e-m/fpv4-sp/hard/crti.o
                0x000000000800177c                _init
 .init          0x0000000008001780        0x8 c:/st/stm32cubeide_1.2.0/stm32cubeide/plugins/com.st.stm32cube.ide.mcu.externaltools.gnu-tools-for-stm32.7-2018-q2-update.win32_1.0.0.201904181610/tools/bin/../lib/gcc/arm-none-eabi/7.3.1/thumb/v7e-m/fpv4-sp/hard/crtn.o
 *(.fini)
 .fini          0x0000000008001788        0x4 c:/st/stm32cubeide_1.2.0/stm32cubeide/plugins/com.st.stm32cube.ide.mcu.externaltools.gnu-tools-for-stm32.7-2018-q2-update.win32_1.0.0.201904181610/tools/bin/../lib/gcc/arm-none-eabi/7.3.1/thumb/v7e-m/fpv4-sp/hard/crti.o
                0x0000000008001788                _fini
 .fini          0x000000000800178c        0x8 c:/st/stm32cubeide_1.2.0/stm32cubeide/plugins/com.st.stm32cube.ide.mcu.externaltools.gnu-tools-for-stm32.7-2018-q2-update.win32_1.0.0.201904181610/tools/bin/../lib/gcc/arm-none-eabi/7.3.1/thumb/v7e-m/fpv4-sp/hard/crtn.o
                0x0000000008001794                . = ALIGN (0x4)
                0x0000000008001794                _etext = .

.vfp11_veneer   0x0000000008001794        0x0
 .vfp11_veneer  0x0000000008001794        0x0 linker stubs

.v4_bx          0x0000000008001794        0x0
 .v4_bx         0x0000000008001794        0x0 linker stubs

.iplt           0x0000000008001794        0x0
 .iplt          0x0000000008001794        0x0 c:/st/stm32cubeide_1.2.0/stm32cubeide/plugins/com.st.stm32cube.ide.mcu.externaltools.gnu-tools-for-stm32.7-2018-q2-update.win32_1.0.0.201904181610/tools/bin/../lib/gcc/arm-none-eabi/7.3.1/thumb/v7e-m/fpv4-sp/hard/crtbegin.o

.rodata         0x0000000008001794       0x40
                0x0000000008001794                . = ALIGN (0x4)
 *(.rodata)
 *(.rodata*)
 .rodata.AHBPrescTable
                0x0000000008001794       0x10 Core/Src/system_stm32l4xx.o
                0x0000000008001794                AHBPrescTable
 .rodata.MSIRangeTable
                0x00000000080017a4       0x30 Core/Src/system_stm32l4xx.o
                0x00000000080017a4                MSIRangeTable
                0x00000000080017d4                . = ALIGN (0x4)

.rel.dyn        0x00000000080017d4        0x0
 .rel.iplt      0x00000000080017d4        0x0 c:/st/stm32cubeide_1.2.0/stm32cubeide/plugins/com.st.stm32cube.ide.mcu.externaltools.gnu-tools-for-stm32.7-2018-q2-update.win32_1.0.0.201904181610/tools/bin/../lib/gcc/arm-none-eabi/7.3.1/thumb/v7e-m/fpv4-sp/hard/crtbegin.o

.ARM.extab      0x00000000080017d4        0x0
                0x00000000080017d4                . = ALIGN (0x4)
 *(.ARM.extab* .gnu.linkonce.armextab.*)
                0x00000000080017d4                . = ALIGN (0x4)

.ARM            0x00000000080017d4        0x0
                0x00000000080017d4                . = ALIGN (0x4)
                0x00000000080017d4                __exidx_start = .
 *(.ARM.exidx*)
                0x00000000080017d4                __exidx_end = .
                0x00000000080017d4                . = ALIGN (0x4)

.preinit_array  0x00000000080017d4        0x0
                0x00000000080017d4                . = ALIGN (0x4)
                0x00000000080017d4                PROVIDE (__preinit_array_start = .)
 *(.preinit_array*)
                0x00000000080017d4                PROVIDE (__preinit_array_end = .)
                0x00000000080017d4                . = ALIGN (0x4)

.init_array     0x00000000080017d4        0x4
                0x00000000080017d4                . = ALIGN (0x4)
                0x00000000080017d4                PROVIDE (__init_array_start = .)
 *(SORT_BY_NAME(.init_array.*))
 *(.init_array*)
 .init_array    0x00000000080017d4        0x4 c:/st/stm32cubeide_1.2.0/stm32cubeide/plugins/com.st.stm32cube.ide.mcu.externaltools.gnu-tools-for-stm32.7-2018-q2-update.win32_1.0.0.201904181610/tools/bin/../lib/gcc/arm-none-eabi/7.3.1/thumb/v7e-m/fpv4-sp/hard/crtbegin.o
                0x00000000080017d8                PROVIDE (__init_array_end = .)
                0x00000000080017d8                . = ALIGN (0x4)

.fini_array     0x00000000080017d8        0x4
                0x00000000080017d8                . = ALIGN (0x4)
                [!provide]                        PROVIDE (__fini_array_start = .)
 *(SORT_BY_NAME(.fini_array.*))
 *(.fini_array*)
 .fini_array    0x00000000080017d8        0x4 c:/st/stm32cubeide_1.2.0/stm32cubeide/plugins/com.st.stm32cube.ide.mcu.externaltools.gnu-tools-for-stm32.7-2018-q2-update.win32_1.0.0.201904181610/tools/bin/../lib/gcc/arm-none-eabi/7.3.1/thumb/v7e-m/fpv4-sp/hard/crtbegin.o
                [!provide]                        PROVIDE (__fini_array_end = .)
                0x00000000080017dc                . = ALIGN (0x4)
                0x00000000080017dc                _sidata = LOADADDR (.data)

.data           0x0000000020000000        0xc load address 0x00000000080017dc
                0x0000000020000000                . = ALIGN (0x4)
                0x0000000020000000                _sdata = .
 *(.data)
 *(.data*)
 .data.SystemCoreClock
                0x0000000020000000        0x4 Core/Src/system_stm32l4xx.o
                0x0000000020000000                SystemCoreClock
 .data.uwTickPrio
                0x0000000020000004        0x4 Drivers/STM32L4xx_HAL_Driver/Src/stm32l4xx_hal.o
                0x0000000020000004                uwTickPrio
 .data.uwTickFreq
                0x0000000020000008        0x4 Drivers/STM32L4xx_HAL_Driver/Src/stm32l4xx_hal.o
                0x0000000020000008                uwTickFreq
                0x000000002000000c                . = ALIGN (0x4)
                0x000000002000000c                _edata = .

.igot.plt       0x000000002000000c        0x0 load address 0x00000000080017e8
 .igot.plt      0x000000002000000c        0x0 c:/st/stm32cubeide_1.2.0/stm32cubeide/plugins/com.st.stm32cube.ide.mcu.externaltools.gnu-tools-for-stm32.7-2018-q2-update.win32_1.0.0.201904181610/tools/bin/../lib/gcc/arm-none-eabi/7.3.1/thumb/v7e-m/fpv4-sp/hard/crtbegin.o
                0x000000002000000c                . = ALIGN (0x4)

.bss            0x000000002000000c       0x20 load address 0x00000000080017e8
                0x000000002000000c                _sbss = .
                0x000000002000000c                __bss_start__ = _sbss
 *(.bss)
 .bss           0x000000002000000c       0x1c c:/st/stm32cubeide_1.2.0/stm32cubeide/plugins/com.st.stm32cube.ide.mcu.externaltools.gnu-tools-for-stm32.7-2018-q2-update.win32_1.0.0.201904181610/tools/bin/../lib/gcc/arm-none-eabi/7.3.1/thumb/v7e-m/fpv4-sp/hard/crtbegin.o
 *(.bss*)
 *(COMMON)
 COMMON         0x0000000020000028        0x4 Drivers/STM32L4xx_HAL_Driver/Src/stm32l4xx_hal.o
                0x0000000020000028                uwTick
                0x000000002000002c                . = ALIGN (0x4)
                0x000000002000002c                _ebss = .
                0x000000002000002c                __bss_end__ = _ebss

._user_heap_stack
                0x000000002000002c      0x604 load address 0x00000000080017e8
                0x0000000020000030                . = ALIGN (0x8)
 *fill*         0x000000002000002c        0x4 
                0x0000000020000030                PROVIDE (end = .)
                [!provide]                        PROVIDE (_end = .)
                0x0000000020000230                . = (. + _Min_Heap_Size)
 *fill*         0x0000000020000030      0x200 
                0x0000000020000630                . = (. + _Min_Stack_Size)
 *fill*         0x0000000020000230      0x400 
                0x0000000020000630                . = ALIGN (0x8)

/DISCARD/
 libc.a(*)
 libm.a(*)
 libgcc.a(*)

.ARM.attributes
                0x0000000000000000       0x30
 *(.ARM.attributes)
 .ARM.attributes
                0x0000000000000000       0x22 c:/st/stm32cubeide_1.2.0/stm32cubeide/plugins/com.st.stm32cube.ide.mcu.externaltools.gnu-tools-for-stm32.7-2018-q2-update.win32_1.0.0.201904181610/tools/bin/../lib/gcc/arm-none-eabi/7.3.1/thumb/v7e-m/fpv4-sp/hard/crti.o
 .ARM.attributes
                0x0000000000000022       0x34 c:/st/stm32cubeide_1.2.0/stm32cubeide/plugins/com.st.stm32cube.ide.mcu.externaltools.gnu-tools-for-stm32.7-2018-q2-update.win32_1.0.0.201904181610/tools/bin/../lib/gcc/arm-none-eabi/7.3.1/thumb/v7e-m/fpv4-sp/hard/crtbegin.o
 .ARM.attributes
                0x0000000000000056       0x39 Core/Src/main.o
 .ARM.attributes
                0x000000000000008f       0x39 Core/Src/stm32l4xx_hal_msp.o
 .ARM.attributes
                0x00000000000000c8       0x39 Core/Src/stm32l4xx_it.o
 .ARM.attributes
                0x0000000000000101       0x39 Core/Src/system_stm32l4xx.o
 .ARM.attributes
                0x000000000000013a       0x21 Core/Startup/startup_stm32l476vgtx.o
 .ARM.attributes
                0x000000000000015b       0x39 Drivers/STM32L4xx_HAL_Driver/Src/stm32l4xx_hal.o
 .ARM.attributes
                0x0000000000000194       0x39 Drivers/STM32L4xx_HAL_Driver/Src/stm32l4xx_hal_cortex.o
 .ARM.attributes
                0x00000000000001cd       0x39 Drivers/STM32L4xx_HAL_Driver/Src/stm32l4xx_hal_gpio.o
 .ARM.attributes
                0x0000000000000206       0x39 Drivers/STM32L4xx_HAL_Driver/Src/stm32l4xx_hal_pwr_ex.o
 .ARM.attributes
                0x000000000000023f       0x39 Drivers/STM32L4xx_HAL_Driver/Src/stm32l4xx_hal_rcc.o
 .ARM.attributes
                0x0000000000000278       0x34 c:/st/stm32cubeide_1.2.0/stm32cubeide/plugins/com.st.stm32cube.ide.mcu.externaltools.gnu-tools-for-stm32.7-2018-q2-update.win32_1.0.0.201904181610/tools/bin/../lib/gcc/arm-none-eabi/7.3.1/../../../../arm-none-eabi/lib/thumb/v7e-m/fpv4-sp/hard\libc_nano.a(lib_a-init.o)
 .ARM.attributes
                0x00000000000002ac       0x34 c:/st/stm32cubeide_1.2.0/stm32cubeide/plugins/com.st.stm32cube.ide.mcu.externaltools.gnu-tools-for-stm32.7-2018-q2-update.win32_1.0.0.201904181610/tools/bin/../lib/gcc/arm-none-eabi/7.3.1/../../../../arm-none-eabi/lib/thumb/v7e-m/fpv4-sp/hard\libc_nano.a(lib_a-memset.o)
 .ARM.attributes
                0x00000000000002e0       0x22 c:/st/stm32cubeide_1.2.0/stm32cubeide/plugins/com.st.stm32cube.ide.mcu.externaltools.gnu-tools-for-stm32.7-2018-q2-update.win32_1.0.0.201904181610/tools/bin/../lib/gcc/arm-none-eabi/7.3.1/thumb/v7e-m/fpv4-sp/hard/crtn.o
OUTPUT(meh-to-master-led.elf elf32-littlearm)

.debug_info     0x0000000000000000     0x5360
 .debug_info    0x0000000000000000      0x7c8 Core/Src/main.o
 .debug_info    0x00000000000007c8      0x4c8 Core/Src/stm32l4xx_hal_msp.o
 .debug_info    0x0000000000000c90      0x318 Core/Src/stm32l4xx_it.o
 .debug_info    0x0000000000000fa8      0x6f6 Core/Src/system_stm32l4xx.o
 .debug_info    0x000000000000169e       0x22 Core/Startup/startup_stm32l476vgtx.o
 .debug_info    0x00000000000016c0      0xbe0 Drivers/STM32L4xx_HAL_Driver/Src/stm32l4xx_hal.o
 .debug_info    0x00000000000022a0      0xf3c Drivers/STM32L4xx_HAL_Driver/Src/stm32l4xx_hal_cortex.o
 .debug_info    0x00000000000031dc      0x982 Drivers/STM32L4xx_HAL_Driver/Src/stm32l4xx_hal_gpio.o
 .debug_info    0x0000000000003b5e      0xb04 Drivers/STM32L4xx_HAL_Driver/Src/stm32l4xx_hal_pwr_ex.o
 .debug_info    0x0000000000004662      0xcfe Drivers/STM32L4xx_HAL_Driver/Src/stm32l4xx_hal_rcc.o

.debug_abbrev   0x0000000000000000      0xfa3
 .debug_abbrev  0x0000000000000000      0x175 Core/Src/main.o
 .debug_abbrev  0x0000000000000175      0x125 Core/Src/stm32l4xx_hal_msp.o
 .debug_abbrev  0x000000000000029a       0xe2 Core/Src/stm32l4xx_it.o
 .debug_abbrev  0x000000000000037c      0x150 Core/Src/system_stm32l4xx.o
 .debug_abbrev  0x00000000000004cc       0x12 Core/Startup/startup_stm32l476vgtx.o
 .debug_abbrev  0x00000000000004de      0x1fb Drivers/STM32L4xx_HAL_Driver/Src/stm32l4xx_hal.o
 .debug_abbrev  0x00000000000006d9      0x2fa Drivers/STM32L4xx_HAL_Driver/Src/stm32l4xx_hal_cortex.o
 .debug_abbrev  0x00000000000009d3      0x1c0 Drivers/STM32L4xx_HAL_Driver/Src/stm32l4xx_hal_gpio.o
 .debug_abbrev  0x0000000000000b93      0x1cb Drivers/STM32L4xx_HAL_Driver/Src/stm32l4xx_hal_pwr_ex.o
 .debug_abbrev  0x0000000000000d5e      0x245 Drivers/STM32L4xx_HAL_Driver/Src/stm32l4xx_hal_rcc.o

.debug_aranges  0x0000000000000000      0x580
 .debug_aranges
                0x0000000000000000       0x38 Core/Src/main.o
 .debug_aranges
                0x0000000000000038       0x20 Core/Src/stm32l4xx_hal_msp.o
 .debug_aranges
                0x0000000000000058       0x60 Core/Src/stm32l4xx_it.o
 .debug_aranges
                0x00000000000000b8       0x28 Core/Src/system_stm32l4xx.o
 .debug_aranges
                0x00000000000000e0       0x28 Core/Startup/startup_stm32l476vgtx.o
 .debug_aranges
                0x0000000000000108      0x130 Drivers/STM32L4xx_HAL_Driver/Src/stm32l4xx_hal.o
 .debug_aranges
                0x0000000000000238      0x118 Drivers/STM32L4xx_HAL_Driver/Src/stm32l4xx_hal_cortex.o
 .debug_aranges
                0x0000000000000350       0x58 Drivers/STM32L4xx_HAL_Driver/Src/stm32l4xx_hal_gpio.o
 .debug_aranges
                0x00000000000003a8      0x150 Drivers/STM32L4xx_HAL_Driver/Src/stm32l4xx_hal_pwr_ex.o
 .debug_aranges
                0x00000000000004f8       0x88 Drivers/STM32L4xx_HAL_Driver/Src/stm32l4xx_hal_rcc.o

.debug_ranges   0x0000000000000000      0x4e8
 .debug_ranges  0x0000000000000000       0x28 Core/Src/main.o
 .debug_ranges  0x0000000000000028       0x10 Core/Src/stm32l4xx_hal_msp.o
 .debug_ranges  0x0000000000000038       0x50 Core/Src/stm32l4xx_it.o
 .debug_ranges  0x0000000000000088       0x18 Core/Src/system_stm32l4xx.o
 .debug_ranges  0x00000000000000a0       0x20 Core/Startup/startup_stm32l476vgtx.o
 .debug_ranges  0x00000000000000c0      0x120 Drivers/STM32L4xx_HAL_Driver/Src/stm32l4xx_hal.o
 .debug_ranges  0x00000000000001e0      0x108 Drivers/STM32L4xx_HAL_Driver/Src/stm32l4xx_hal_cortex.o
 .debug_ranges  0x00000000000002e8       0x48 Drivers/STM32L4xx_HAL_Driver/Src/stm32l4xx_hal_gpio.o
 .debug_ranges  0x0000000000000330      0x140 Drivers/STM32L4xx_HAL_Driver/Src/stm32l4xx_hal_pwr_ex.o
 .debug_ranges  0x0000000000000470       0x78 Drivers/STM32L4xx_HAL_Driver/Src/stm32l4xx_hal_rcc.o

.debug_macro    0x0000000000000000    0x24373
 .debug_macro   0x0000000000000000      0x1d0 Core/Src/main.o
 .debug_macro   0x00000000000001d0      0xa5a Core/Src/main.o
 .debug_macro   0x0000000000000c2a       0xb4 Core/Src/main.o
 .debug_macro   0x0000000000000cde       0x2e Core/Src/main.o
 .debug_macro   0x0000000000000d0c       0x28 Core/Src/main.o
 .debug_macro   0x0000000000000d34       0x22 Core/Src/main.o
 .debug_macro   0x0000000000000d56       0x8e Core/Src/main.o
 .debug_macro   0x0000000000000de4       0x51 Core/Src/main.o
 .debug_macro   0x0000000000000e35       0xef Core/Src/main.o
 .debug_macro   0x0000000000000f24       0x6a Core/Src/main.o
 .debug_macro   0x0000000000000f8e      0x1df Core/Src/main.o
 .debug_macro   0x000000000000116d       0x1c Core/Src/main.o
 .debug_macro   0x0000000000001189       0x22 Core/Src/main.o
 .debug_macro   0x00000000000011ab       0xdf Core/Src/main.o
 .debug_macro   0x000000000000128a     0x102d Core/Src/main.o
 .debug_macro   0x00000000000022b7      0x11f Core/Src/main.o
 .debug_macro   0x00000000000023d6    0x1a13d Core/Src/main.o
 .debug_macro   0x000000000001c513       0x43 Core/Src/main.o
 .debug_macro   0x000000000001c556     0x3890 Core/Src/main.o
 .debug_macro   0x000000000001fde6      0x174 Core/Src/main.o
 .debug_macro   0x000000000001ff5a       0x5c Core/Src/main.o
 .debug_macro   0x000000000001ffb6     0x155f Core/Src/main.o
 .debug_macro   0x0000000000021515      0x59e Core/Src/main.o
 .debug_macro   0x0000000000021ab3      0x241 Core/Src/main.o
 .debug_macro   0x0000000000021cf4      0x13d Core/Src/main.o
 .debug_macro   0x0000000000021e31      0x18b Core/Src/main.o
 .debug_macro   0x0000000000021fbc      0x26b Core/Src/main.o
 .debug_macro   0x0000000000022227      0x23d Core/Src/main.o
 .debug_macro   0x0000000000022464      0x37c Core/Src/main.o
 .debug_macro   0x00000000000227e0       0xd6 Core/Src/main.o
 .debug_macro   0x00000000000228b6      0x22c Core/Src/main.o
 .debug_macro   0x0000000000022ae2       0x5e Core/Src/main.o
 .debug_macro   0x0000000000022b40       0xa5 Core/Src/main.o
 .debug_macro   0x0000000000022be5      0x122 Core/Src/main.o
 .debug_macro   0x0000000000022d07      0x3e9 Core/Src/main.o
 .debug_macro   0x00000000000230f0      0x34a Core/Src/main.o
 .debug_macro   0x000000000002343a       0x10 Core/Src/main.o
 .debug_macro   0x000000000002344a      0x1d0 Core/Src/stm32l4xx_hal_msp.o
 .debug_macro   0x000000000002361a      0x1da Core/Src/stm32l4xx_it.o
 .debug_macro   0x00000000000237f4      0x1c7 Core/Src/system_stm32l4xx.o
 .debug_macro   0x00000000000239bb      0x20f Drivers/STM32L4xx_HAL_Driver/Src/stm32l4xx_hal.o
 .debug_macro   0x0000000000023bca      0x1c1 Drivers/STM32L4xx_HAL_Driver/Src/stm32l4xx_hal_cortex.o
 .debug_macro   0x0000000000023d8b      0x200 Drivers/STM32L4xx_HAL_Driver/Src/stm32l4xx_hal_gpio.o
 .debug_macro   0x0000000000023f8b      0x1e5 Drivers/STM32L4xx_HAL_Driver/Src/stm32l4xx_hal_pwr_ex.o
 .debug_macro   0x0000000000024170      0x203 Drivers/STM32L4xx_HAL_Driver/Src/stm32l4xx_hal_rcc.o

.debug_line     0x0000000000000000     0x4be8
 .debug_line    0x0000000000000000      0x6fc Core/Src/main.o
 .debug_line    0x00000000000006fc      0x6a9 Core/Src/stm32l4xx_hal_msp.o
 .debug_line    0x0000000000000da5      0x74d Core/Src/stm32l4xx_it.o
 .debug_line    0x00000000000014f2      0x6d4 Core/Src/system_stm32l4xx.o
 .debug_line    0x0000000000001bc6       0x85 Core/Startup/startup_stm32l476vgtx.o
 .debug_line    0x0000000000001c4b      0x947 Drivers/STM32L4xx_HAL_Driver/Src/stm32l4xx_hal.o
 .debug_line    0x0000000000002592      0x9d0 Drivers/STM32L4xx_HAL_Driver/Src/stm32l4xx_hal_cortex.o
 .debug_line    0x0000000000002f62      0x867 Drivers/STM32L4xx_HAL_Driver/Src/stm32l4xx_hal_gpio.o
 .debug_line    0x00000000000037c9      0xa5e Drivers/STM32L4xx_HAL_Driver/Src/stm32l4xx_hal_pwr_ex.o
 .debug_line    0x0000000000004227      0x9c1 Drivers/STM32L4xx_HAL_Driver/Src/stm32l4xx_hal_rcc.o

.debug_str      0x0000000000000000    0xdf153
 .debug_str     0x0000000000000000    0xdd733 Core/Src/main.o
                                      0xdd9f7 (size before relaxing)
 .debug_str     0x00000000000dd733       0x2c Core/Src/stm32l4xx_hal_msp.o
                                      0xdd7cc (size before relaxing)
 .debug_str     0x00000000000dd75f       0xbd Core/Src/stm32l4xx_it.o
                                      0xdd70d (size before relaxing)
 .debug_str     0x00000000000dd81c       0xcd Core/Src/system_stm32l4xx.o
                                      0xdd82f (size before relaxing)
 .debug_str     0x00000000000dd8e9       0x36 Core/Startup/startup_stm32l476vgtx.o
                                         0x7a (size before relaxing)
 .debug_str     0x00000000000dd91f      0x9f2 Drivers/STM32L4xx_HAL_Driver/Src/stm32l4xx_hal.o
                                      0xde306 (size before relaxing)
 .debug_str     0x00000000000de311      0x39e Drivers/STM32L4xx_HAL_Driver/Src/stm32l4xx_hal_cortex.o
                                      0xde082 (size before relaxing)
 .debug_str     0x00000000000de6af      0x23b Drivers/STM32L4xx_HAL_Driver/Src/stm32l4xx_hal_gpio.o
                                      0xddaae (size before relaxing)
 .debug_str     0x00000000000de8ea      0x4b4 Drivers/STM32L4xx_HAL_Driver/Src/stm32l4xx_hal_pwr_ex.o
                                      0xddd4a (size before relaxing)
 .debug_str     0x00000000000ded9e      0x3b5 Drivers/STM32L4xx_HAL_Driver/Src/stm32l4xx_hal_rcc.o
                                      0xdddf1 (size before relaxing)

.comment        0x0000000000000000       0x7b
 .comment       0x0000000000000000       0x7b Core/Src/main.o
                                         0x7c (size before relaxing)
 .comment       0x000000000000007b       0x7c Core/Src/stm32l4xx_hal_msp.o
 .comment       0x000000000000007b       0x7c Core/Src/stm32l4xx_it.o
 .comment       0x000000000000007b       0x7c Core/Src/system_stm32l4xx.o
 .comment       0x000000000000007b       0x7c Drivers/STM32L4xx_HAL_Driver/Src/stm32l4xx_hal.o
 .comment       0x000000000000007b       0x7c Drivers/STM32L4xx_HAL_Driver/Src/stm32l4xx_hal_cortex.o
 .comment       0x000000000000007b       0x7c Drivers/STM32L4xx_HAL_Driver/Src/stm32l4xx_hal_gpio.o
 .comment       0x000000000000007b       0x7c Drivers/STM32L4xx_HAL_Driver/Src/stm32l4xx_hal_pwr_ex.o
 .comment       0x000000000000007b       0x7c Drivers/STM32L4xx_HAL_Driver/Src/stm32l4xx_hal_rcc.o

.debug_frame    0x0000000000000000     0x1430
 .debug_frame   0x0000000000000000       0x94 Core/Src/main.o
 .debug_frame   0x0000000000000094       0x38 Core/Src/stm32l4xx_hal_msp.o
 .debug_frame   0x00000000000000cc      0x10c Core/Src/stm32l4xx_it.o
 .debug_frame   0x00000000000001d8       0x58 Core/Src/system_stm32l4xx.o
 .debug_frame   0x0000000000000230      0x498 Drivers/STM32L4xx_HAL_Driver/Src/stm32l4xx_hal.o
 .debug_frame   0x00000000000006c8      0x498 Drivers/STM32L4xx_HAL_Driver/Src/stm32l4xx_hal_cortex.o
 .debug_frame   0x0000000000000b60      0x14c Drivers/STM32L4xx_HAL_Driver/Src/stm32l4xx_hal_gpio.o
 .debug_frame   0x0000000000000cac      0x544 Drivers/STM32L4xx_HAL_Driver/Src/stm32l4xx_hal_pwr_ex.o
 .debug_frame   0x00000000000011f0      0x1f4 Drivers/STM32L4xx_HAL_Driver/Src/stm32l4xx_hal_rcc.o
 .debug_frame   0x00000000000013e4       0x2c c:/st/stm32cubeide_1.2.0/stm32cubeide/plugins/com.st.stm32cube.ide.mcu.externaltools.gnu-tools-for-stm32.7-2018-q2-update.win32_1.0.0.201904181610/tools/bin/../lib/gcc/arm-none-eabi/7.3.1/../../../../arm-none-eabi/lib/thumb/v7e-m/fpv4-sp/hard\libc_nano.a(lib_a-init.o)
 .debug_frame   0x0000000000001410       0x20 c:/st/stm32cubeide_1.2.0/stm32cubeide/plugins/com.st.stm32cube.ide.mcu.externaltools.gnu-tools-for-stm32.7-2018-q2-update.win32_1.0.0.201904181610/tools/bin/../lib/gcc/arm-none-eabi/7.3.1/../../../../arm-none-eabi/lib/thumb/v7e-m/fpv4-sp/hard\libc_nano.a(lib_a-memset.o)
